<?xml version="1.0" encoding="utf-8"?><testsuite errors="0" failures="0" name="pytest" skipped="0" tests="14" time="113.675"><testcase classname="mittab.libs.tests.data_import.test_import_judges.TestImportingJudges" file="mittab/libs/tests/data_import/test_import_judges.py" line="44" name="test_rollback_from_duplicate" time="1.032"></testcase><testcase classname="mittab.libs.tests.data_import.test_import_judges.TestImportingJudges" file="mittab/libs/tests/data_import/test_import_judges.py" line="60" name="test_rollback_from_invalid_rank" time="0.044"></testcase><testcase classname="mittab.libs.tests.data_import.test_import_judges.TestImportingJudges" file="mittab/libs/tests/data_import/test_import_judges.py" line="76" name="test_schools_not_rolledback_if_existed_before" time="0.008"></testcase><testcase classname="mittab.libs.tests.data_import.test_import_judges.TestImportingJudges" file="mittab/libs/tests/data_import/test_import_judges.py" line="13" name="test_valid_judges" time="0.034"></testcase><testcase classname="mittab.libs.tests.data_import.test_import_rooms.TestImportingJudges" file="mittab/libs/tests/data_import/test_import_rooms.py" line="29" name="test_rollback_when_invalid_room" time="0.029"></testcase><testcase classname="mittab.libs.tests.data_import.test_import_rooms.TestImportingJudges" file="mittab/libs/tests/data_import/test_import_rooms.py" line="12" name="test_valid_rooms" time="0.018"></testcase><testcase classname="mittab.libs.tests.data_import.test_import_scratches.TestImportingScratches" file="mittab/libs/tests/data_import/test_import_scratches.py" line="46" name="test_invalid_scratches" time="3.255"></testcase><testcase classname="mittab.libs.tests.data_import.test_import_scratches.TestImportingScratches" file="mittab/libs/tests/data_import/test_import_scratches.py" line="13" name="test_valid_scratches" time="0.021"></testcase><testcase classname="mittab.libs.tests.data_import.test_import_teams.TestImportingTeams" file="mittab/libs/tests/data_import/test_import_teams.py" line="63" name="test_rollback_from_duplicate_debater" time="0.070"></testcase><testcase classname="mittab.libs.tests.data_import.test_import_teams.TestImportingTeams" file="mittab/libs/tests/data_import/test_import_teams.py" line="81" name="test_rollback_from_invalid_team" time="0.114"></testcase><testcase classname="mittab.libs.tests.data_import.test_import_teams.TestImportingTeams" file="mittab/libs/tests/data_import/test_import_teams.py" line="98" name="test_schools_not_rolledback_if_existed_before" time="0.016"></testcase><testcase classname="mittab.libs.tests.data_import.test_import_teams.TestImportingTeams" file="mittab/libs/tests/data_import/test_import_teams.py" line="13" name="test_valid_teams" time="0.070"></testcase><testcase classname="mittab.libs.tests.tab_logic.test_outround_pairing.TestOutroundPairingLogic" file="mittab/libs/tests/tab_logic/test_outround_pairing.py" line="19" name="test_break" time="26.122"><system-out>(2, 7)
(3, 6)
(4, 5)
(1, 8)
(2, 3)
(1, 4)
</system-out></testcase><testcase classname="mittab.libs.tests.tab_logic.test_outround_pairing.TestOutroundPairingLogic" file="mittab/libs/tests/tab_logic/test_outround_pairing.py" line="24" name="test_pairing" time="2.099"><system-out>(2, 7)
(3, 6)
(4, 5)
(1, 8)
(2, 3)
(1, 4)
(2, 3)
(1, 4)
(2, 7)
(3, 6)
(4, 5)
(1, 8)
</system-out></testcase><testcase time="2.777"></testcase></testsuite>